// Jest Snapshot v1, https://goo.gl/fbAQLP

exports[`should render BlogSummary correctly 1`] = `
<div
  className="page-header"
>
  <div
    className="content-container"
  >
    <div
      className="page-header__container"
    >
      <h1
        className="page-header__title"
      >
        You have 
        <span>
          3
        </span>
         
        blogs
         in total.
      </h1>
      <div
        className="page-header__summary"
      >
        <Link
          className="button"
          replace={false}
          to="/create"
        >
          Add Blog
        </Link>
      </div>
    </div>
  </div>
</div>
`;
