// Jest Snapshot v1, https://goo.gl/fbAQLP

exports[`should render EditBlogPage correctly 1`] = `
<div>
  <div
    className="page-header__edit"
  >
    <div
      className="content-container"
    >
      <h1
        className="page-header__title"
      >
        Edit Expense
      </h1>
      <h3>
         
        <Link
          replace={false}
          to="/read/1"
        >
          Post readable at http://app.com/read/
          1
        </Link>
         
      </h3>
    </div>
  </div>
  <div
    className="content-container"
  >
    <BlogForm
      blog={
        Object {
          "body": "This is first one!",
          "createdAt": 0,
          "id": "1",
          "title": "Title One",
        }
      }
      onSubmit={[Function]}
    />
    <button
      className="button button--secondary"
      onClick={[Function]}
    >
      Remove Blog
    </button>
  </div>
</div>
`;
